// Jest Snapshot v1, https://goo.gl/fbAQLP

exports[`TextInput renders properly 1`] = `
<div
  className="loader-wrapper-center "
>
  <div
    className="los-custom-loading"
  >
    <div
      className="loader"
    />
    <div
      dangerouslySetInnerHTML={
        Object {
          "__html": "Loading...",
        }
      }
    />
  </div>
</div>
`;
